
> project-dashboard@0.1.0 build C:\Users\Fares\Downloads\PMS
> next build

Γû▓ Next.js 16.1.6 (Turbopack)
- Environments: .env.local
- Experiments (use with caution):
  ┬╖ clientTraceMetadata
  ┬╖ optimizePackageImports
  ┬╖ staleTimes

pnpm.cmd : ΓÜá The "middleware" file convention is deprecated. Please use "proxy" instead. Learn more: 
https://nextjs.org/docs/messages/middleware-to-proxy
At line:1 char:1
+ pnpm.cmd build 2>&1 | Out-File C:\Users\Fares\Downloads\PMS\build-out ...
+ ~~~~~~~~~~~~~~~~~~~
    + CategoryInfo          : NotSpecified: (ΓÜá The "middle...leware-to-proxy:String) [], RemoteException
    + FullyQualifiedErrorId : NativeCommandError
 
  Creating an optimized production build ...
Γ£ô Compiled successfully in 43s
  Running next.config.js provided runAfterProductionCompile ...
[@sentry/nextjs - After Production Compile] Info: Sending telemetry data on issues and performance to Sentry. To disable telemetry, set `options.telemetry` to `false`.
[@sentry/nextjs - After Production Compile] Warning: No auth token provided. Will not create release. Please set the 
`authToken` option. You can find information on how to generate a Sentry auth token here: 
https://docs.sentry.io/api/auth/
[@sentry/nextjs - After Production Compile] Warning: No auth token provided. Will not upload source maps. Please set 
the `authToken` option. You can find information on how to generate a Sentry auth token here: 
https://docs.sentry.io/api/auth/
Γ£ô Completed runAfterProductionCompile in 1167ms
  Running TypeScript ...
  Collecting page data using 3 workers ...
  Generating static pages using 3 workers (0/38) ...
  Generating static pages using 3 workers (9/38) 
  Generating static pages using 3 workers (18/38) 
  Generating static pages using 3 workers (28/38) 
Γ£ô Generating static pages using 3 workers (38/38) in 997.6ms
  Finalizing page optimization ...

Route (app)
Γöî ╞Æ /
Γö£ ╞Æ /_not-found
Γö£ ╞Æ /activity
Γö£ ╞Æ /agents
Γö£ ╞Æ /agents/[agentId]
Γö£ ╞Æ /agents/[agentId]/edit
Γö£ ╞Æ /agents/communication
Γö£ ╞Æ /api/agent-events
Γö£ ╞Æ /api/ai/chat
Γö£ ╞Æ /api/gateway
Γö£ ╞Æ /api/health
Γö£ ╞Æ /approvals
Γö£ ╞Æ /auth/callback
Γö£ ╞Æ /board-groups
Γö£ ╞Æ /board-groups/new
Γö£ ╞Æ /boards
Γö£ ╞Æ /boards/[boardId]
Γö£ ╞Æ /boards/[boardId]/approvals
Γö£ ╞Æ /boards/[boardId]/edit
Γö£ ╞Æ /boards/[boardId]/webhooks
Γö£ ╞Æ /boards/[boardId]/webhooks/new
Γö£ ╞Æ /boards/new
Γö£ ╞Æ /chat
Γö£ ╞Æ /chat/[conversationId]
Γö£ ╞Æ /clients
Γö£ ╞Æ /clients/[id]
Γö£ ╞Æ /custom-fields
Γö£ ╞Æ /documents
Γö£ ╞Æ /forgot-password
Γö£ ╞Æ /gateways
Γö£ ╞Æ /gateways/[gatewayId]
Γö£ ╞Æ /gateways/[gatewayId]/edit
Γö£ ╞Æ /gateways/new
Γö£ Γùï /icon.png
Γö£ ╞Æ /inbox
Γö£ ╞Æ /invite/[token]
Γö£ ╞Æ /login
Γö£ ╞Æ /memory
Γö£ ╞Æ /models
Γö£ ╞Æ /onboarding
Γö£ ╞Æ /projects
Γö£ ╞Æ /projects/[id]
Γö£ ╞Æ /projects/[id]/reports/[reportId]
Γö£ Γùï /robots.txt
Γö£ ╞Æ /sessions
Γö£ ╞Æ /settings
Γö£ ╞Æ /signup
Γö£ ╞Æ /skills
Γö£ ╞Æ /skills/marketplace
Γö£ ╞Æ /tags
Γö£ ╞Æ /tasks
Γöö ╞Æ /tasks/new


╞Æ Proxy (Middleware)

Γùï  (Static)   prerendered as static content
╞Æ  (Dynamic)  server-rendered on demand

